[{"id":1,"name":"tulip","category":"spring-blooming","price":4.50,"orders":null},{"id":2,"name":"sunflower","category":"flowering plant","price":3.50,"orders":null},{"id":3,"name":"viola","category":"flowering plant","price":5.60,"orders":null},{"id":4,"name":"test","category":"test","price":0.00,"orders":null},{"id":5,"name":"test","category":"test","price":0.00,"orders":null},{"id":6,"name":"test","category":"test2","price":4.00,"orders":null}]
