{"id":1,"name":"tulip","category":"spring-blooming","price":4.50,"orders":null}
